Microchip MPLAB XC8 Compiler V2.46

Linker command line:

-W-3 \
  --edf=C:\Program Files\Microchip\xc8\v2.46\pic\dat\20240104201356_en.msgs \
  -cn \
  -h+dist/default/debug\StarterBoardV1-PIC16F1783-IicMasterRtcc.X.debug.sym \
  --cmf=dist/default/debug\StarterBoardV1-PIC16F1783-IicMasterRtcc.X.debug.cmf \
  -z -Q16F1783 -oC:\Users\i9bal\AppData\Local\Temp\xcAs3ig.\driver_tmp_3.o \
  --defsym=__MPLAB_BUILD=1 --fixupoverflow=error \
  -Mdist/default/debug/StarterBoardV1-PIC16F1783-IicMasterRtcc.X.debug.map \
  --md=C:\Users\i9bal\AppData\Local\Temp\xcAs3ig.\driver_tmp_0.dat -E1 \
  -ver=XC8 Compiler --acfsm=1493 -ACODE=00h-07FFhx2 -ASTRCODE=00h-0FFFh \
  -ASTRING=00h-0FFhx16 -ACONST=00h-0FFhx16 -AENTRY=00h-0FFhx16 \
  -ACOMMON=070h-07Fh -ABANK0=020h-06Fh -ABANK1=0A0h-0EFh \
  -ABANK2=0120h-016Fh -ABANK3=01A0h-01EFh -ABANK4=0220h-026Fh \
  -ABANK5=02A0h-02EFh -ABIGRAM=02000h-021DFh \
  -ARAM=020h-06Fh,0A0h-0EFh,0120h-016Fh,01A0h-01EFh,0220h-026Fh,02A0h-02EFh \
  -AABS1=020h-07Fh,0A0h-0EFh,0120h-016Fh,01A0h-01EFh,0220h-026Fh,02A0h-02EFh,0320h-032Fh \
  -ASFR0=00h-01Fh -ASFR1=080h-09Fh -ASFR2=0100h-011Fh -ASFR3=0180h-019Fh \
  -ASFR4=0200h-021Fh -ASFR5=0280h-029Fh -ASFR6=0300h-036Fh \
  -ASFR7=0380h-03EFh -ASFR8=0400h-046Fh -ASFR9=0480h-04EFh \
  -ASFR10=0500h-056Fh -ASFR11=0580h-05EFh -ASFR12=0600h-066Fh \
  -ASFR13=0680h-06EFh -ASFR14=0700h-076Fh -ASFR15=0780h-07EFh \
  -ASFR16=0800h-086Fh -ASFR17=0880h-08EFh -ASFR18=0900h-096Fh \
  -ASFR19=0980h-09EFh -ASFR20=0A00h-0A6Fh -ASFR21=0A80h-0AEFh \
  -ASFR22=0B00h-0B6Fh -ASFR23=0B80h-0BEFh -ASFR24=0C00h-0C6Fh \
  -ASFR25=0C80h-0CEFh -ASFR26=0D00h-0D6Fh -ASFR27=0D80h-0DEFh \
  -ASFR28=0E00h-0E6Fh -ASFR29=0E80h-0EEFh -ASFR30=0F00h-0F6Fh \
  -ASFR31=0F80h-0FEFh -ACONFIG=08007h-08008h -DCONFIG=2 \
  -AIDLOC=08000h-08003h -DIDLOC=2 -AEEDATA=00h-0FFh/0F000h \
  -peeprom_data=EEDATA -DEEDATA=2 -DCODE=2 -DSTRCODE=2 -DSTRING=2 -DCONST=2 \
  -DENTRY=2 -preset_vec=00h,intentry,sivt,init,end_init -ppowerup=CODE \
  -pcinit=CODE -pfunctab=ENTRY -k \
  C:\Users\i9bal\AppData\Local\Temp\xcAs3ig.\driver_tmp_15.o \
  dist/default/debug\StarterBoardV1-PIC16F1783-IicMasterRtcc.X.debug.o 

Object code version is 3.11

Machine type is 16F1783



                Name                               Link     Load   Length Selector   Space Scale
C:\Users\i9bal\AppData\Local\Temp\xcAs3ig.\driver_tmp_15.o
                end_init                              2        2        2        0       0
                reset_vec                             0        0        2        0       0
                config                             8007     8007        2        0       4
dist/default/debug\StarterBoardV1-PIC16F1783-IicMasterRtcc.X.debug.o
                cinit                               7FB      7FB        5      FF6       0
                config                             8007     8007        2        0       4
                text30                              3DE      3DE       5A      7BC       0
                text29                              1CF      1CF        F      39E       0
                text28                              340      340       4E      680       0
                text27                              23F      23F       16      47E       0
                text26                              2E0      2E0       2D      5C0       0
                text25                              17A      17A        5      2F4       0
                text24                              17F      17F        5      2FE       0
                text23                              18C      18C        B      318       0
                text22                              438      438       82      870       0
                text21                              197      197        B      32E       0
                text20                              30D      30D       33      61A       0
                text19                              286      286       1D      50C       0
                text18                              4BA      4BA       90      974       0
                text17                              215      215       15      42A       0
                text16                              22A      22A       15      454       0
                text15                              1A2      1A2        B      344       0
                text14                              255      255       17      4AA       0
                text13                              26C      26C       1A      4D8       0
                text12                              5E6      5E6       D8      BCC       0
                text11                              6BE      6BE      13D      D7C       0
                text10                              38E      38E       50      71C       0
                text9                               184      184        8      308       0
                text8                               1EF      1EF       13      3DE       0
                text7                               1AD      1AD        B      35A       0
                text6                               1B8      1B8        B      370       0
                text5                               1DE      1DE       11      3BC       0
                text4                               1C3      1C3        C      386       0
                text3                               2A3      2A3       1E      546       0
                text2                               202      202       13      404       0
                text1                               54A      54A       9C      A94       0
                maintext                            2C1      2C1       1F      582       0
                cstackBANK0                          20       20       47       20       1
                cstackCOMMON                         70       70        E       70       1
                bssBANK0                             67       67        1       20       1
                stringtext9                         81E      81E        3     1000       0
                stringtext8                         81B      81B        3     1000       0
                stringtext7                         818      818        3     1000       0
                stringtext6                         815      815        3     1000       0
                stringtext5                         812      812        3     1000       0
                stringtext4                         80F      80F        3     1000       0
                stringtext3                         80C      80C        3     1000       0
                stringtext2                         809      809        3     1000       0
                stringtext1                         800      800        9     1000       0

TOTAL           Name                               Link     Load   Length     Space
        CLASS   CODE           
                end_init                              2        2        2         0
                cinit                               7FB      7FB        5         0
                reset_vec                             0        0        2         0
                text30                              3DE      3DE       5A         0
                text29                              1CF      1CF        F         0
                text28                              340      340       4E         0
                text27                              23F      23F       16         0
                text26                              2E0      2E0       2D         0
                text25                              17A      17A        5         0
                text24                              17F      17F        5         0
                text23                              18C      18C        B         0
                text22                              438      438       82         0
                text21                              197      197        B         0
                text20                              30D      30D       33         0
                text19                              286      286       1D         0
                text18                              4BA      4BA       90         0
                text17                              215      215       15         0
                text16                              22A      22A       15         0
                text15                              1A2      1A2        B         0
                text14                              255      255       17         0
                text13                              26C      26C       1A         0
                text12                              5E6      5E6       D8         0
                text11                              6BE      6BE      13D         0
                text10                              38E      38E       50         0
                text9                               184      184        8         0
                text8                               1EF      1EF       13         0
                text7                               1AD      1AD        B         0
                text6                               1B8      1B8        B         0
                text5                               1DE      1DE       11         0
                text4                               1C3      1C3        C         0
                text3                               2A3      2A3       1E         0
                text2                               202      202       13         0
                text1                               54A      54A       9C         0
                maintext                            2C1      2C1       1F         0

        CLASS   STRCODE        
                stringtext9                         81E      81E        3         0
                stringtext8                         81B      81B        3         0
                stringtext7                         818      818        3         0
                stringtext6                         815      815        3         0
                stringtext5                         812      812        3         0
                stringtext4                         80F      80F        3         0
                stringtext3                         80C      80C        3         0
                stringtext2                         809      809        3         0
                stringtext1                         800      800        9         0

        CLASS   STRING         

        CLASS   CONST          

        CLASS   ENTRY          

        CLASS   COMMON         
                cstackCOMMON                         70       70        E         1

        CLASS   BANK0          
                cstackBANK0                          20       20       47         1
                bssBANK0                             67       67        1         1

        CLASS   BANK1          

        CLASS   BANK2          

        CLASS   BANK3          

        CLASS   BANK4          

        CLASS   BANK5          

        CLASS   BIGRAM         

        CLASS   RAM            

        CLASS   ABS1           
                abs_s1                               7E       7E        2         1

        CLASS   SFR0           

        CLASS   SFR1           

        CLASS   SFR2           

        CLASS   SFR3           

        CLASS   SFR4           

        CLASS   SFR5           

        CLASS   SFR6           

        CLASS   SFR7           

        CLASS   SFR8           

        CLASS   SFR9           

        CLASS   SFR10          

        CLASS   SFR11          

        CLASS   SFR12          

        CLASS   SFR13          

        CLASS   SFR14          

        CLASS   SFR15          

        CLASS   SFR16          

        CLASS   SFR17          

        CLASS   SFR18          

        CLASS   SFR19          

        CLASS   SFR20          

        CLASS   SFR21          

        CLASS   SFR22          

        CLASS   SFR23          

        CLASS   SFR24          

        CLASS   SFR25          

        CLASS   SFR26          

        CLASS   SFR27          

        CLASS   SFR28          

        CLASS   SFR29          

        CLASS   SFR30          

        CLASS   SFR31          

        CLASS   CONFIG         
                config                             8007     8007        2         4

        CLASS   IDLOC          

        CLASS   EEDATA         

        CLASS   BANK31         

        CLASS   BANK30         

        CLASS   BANK29         

        CLASS   BANK28         

        CLASS   BANK27         

        CLASS   BANK26         

        CLASS   BANK25         

        CLASS   BANK24         

        CLASS   BANK23         

        CLASS   BANK22         

        CLASS   BANK21         

        CLASS   BANK20         

        CLASS   BANK19         

        CLASS   BANK18         

        CLASS   BANK17         

        CLASS   BANK16         

        CLASS   BANK15         

        CLASS   BANK14         

        CLASS   BANK13         

        CLASS   BANK12         

        CLASS   BANK11         

        CLASS   BANK10         

        CLASS   BANK9          

        CLASS   BANK8          

        CLASS   BANK7          

        CLASS   BANK6          

        CLASS   HEAP           

        CLASS   STACK          



SEGMENTS        Name                           Load    Length   Top    Selector   Space  Class     Delta

                reset_vec                      000000  000004  000004         0       0  CODE        2
                cstackBANK0                    000020  000048  000068        20       1  BANK0       1
                cstackCOMMON                   000070  00000E  00007E        70       1  COMMON      1
                text25                         00017A  000005  00017F       2F4       0  CODE        2
                text24                         00017F  000005  000184       2FE       0  CODE        2
                text9                          000184  000008  00018C       308       0  CODE        2
                text23                         00018C  00000B  000197       318       0  CODE        2
                text21                         000197  00000B  0001A2       32E       0  CODE        2
                text15                         0001A2  00000B  0001AD       344       0  CODE        2
                text7                          0001AD  00000B  0001B8       35A       0  CODE        2
                text6                          0001B8  00000B  0001C3       370       0  CODE        2
                text4                          0001C3  00000C  0001CF       386       0  CODE        2
                text29                         0001CF  00000F  0001DE       39E       0  CODE        2
                text5                          0001DE  000011  0001EF       3BC       0  CODE        2
                text8                          0001EF  000013  000202       3DE       0  CODE        2
                text2                          000202  000013  000215       404       0  CODE        2
                text17                         000215  000015  00022A       42A       0  CODE        2
                text16                         00022A  000015  00023F       454       0  CODE        2
                text27                         00023F  000016  000255       47E       0  CODE        2
                text14                         000255  000017  00026C       4AA       0  CODE        2
                text13                         00026C  00001A  000286       4D8       0  CODE        2
                text19                         000286  00001D  0002A3       50C       0  CODE        2
                text3                          0002A3  00001E  0002C1       546       0  CODE        2
                maintext                       0002C1  00001F  0002E0       582       0  CODE        2
                text26                         0002E0  00002D  00030D       5C0       0  CODE        2
                text20                         00030D  000033  000340       61A       0  CODE        2
                text28                         000340  00004E  00038E       680       0  CODE        2
                text10                         00038E  000050  0003DE       71C       0  CODE        2
                text30                         0003DE  00005A  000438       7BC       0  CODE        2
                text22                         000438  000082  0004BA       870       0  CODE        2
                text18                         0004BA  000090  00054A       974       0  CODE        2
                text1                          00054A  00009C  0005E6       A94       0  CODE        2
                text12                         0005E6  0000D8  0006BE       BCC       0  CODE        2
                text11                         0006BE  00013D  0007FB       D7C       0  CODE        2
                cinit                          0007FB  000005  000800       FF6       0  CODE        2
                stringtext1                    000800  000021  000821      1000       0  STRCODE     2


UNUSED ADDRESS RANGES

        Name                Unused          Largest block    Delta
        BANK0            00068-0006F               8           1
        BANK1            000A0-000EF              50           1
        BANK2            00120-0016F              50           1
        BANK3            001A0-001EF              50           1
        BANK4            00220-0026F              50           1
        BANK5            002A0-002EF              50           1
        BIGRAM           02000-021DF             1E0           1
        CODE             00004-00179             176           2
                         00821-00FFF             7DF
        CONST            00004-00179              FC           2
                         00821-00FFF             100
        EEDATA           0F000-0F0FF             100           2
        ENTRY            00004-00179              FC           2
                         00821-00FFF             100
        IDLOC            08000-08003               4           2
        RAM              00068-0006F               8           1
                         000A0-000EF              50
                         00120-0016F              50
                         001A0-001EF              50
                         00220-0026F              50
                         002A0-002EF              50
        SFR0             00000-0001F              20           1
        SFR1             00080-0009F              20           1
        SFR10            00500-0056F              70           1
        SFR11            00580-005EF              70           1
        SFR12            00600-0066F              70           1
        SFR13            00680-006EF              70           1
        SFR14            00700-0076F              70           1
        SFR15            00780-007EF              70           1
        SFR16            00800-0086F              70           1
        SFR17            00880-008EF              70           1
        SFR18            00900-0096F              70           1
        SFR19            00980-009EF              70           1
        SFR2             00100-0011F              20           1
        SFR20            00A00-00A6F              70           1
        SFR21            00A80-00AEF              70           1
        SFR22            00B00-00B6F              70           1
        SFR23            00B80-00BEF              70           1
        SFR24            00C00-00C6F              70           1
        SFR25            00C80-00CEF              70           1
        SFR26            00D00-00D6F              70           1
        SFR27            00D80-00DEF              70           1
        SFR28            00E00-00E6F              70           1
        SFR29            00E80-00EEF              70           1
        SFR3             00180-0019F              20           1
        SFR30            00F00-00F6F              70           1
        SFR31            00F80-00FEF              70           1
        SFR4             00200-0021F              20           1
        SFR5             00280-0029F              20           1
        SFR6             00300-0036F              70           1
        SFR7             00380-003EF              70           1
        SFR8             00400-0046F              70           1
        SFR9             00480-004EF              70           1
        STRCODE          00004-00179             176           2
                         00821-00FFF             7DF
        STRING           00004-00179              FC           2
                         00821-00FFF             100

                                  Symbol Table

?___aldiv                         cstackCOMMON 00070
?___lldiv                         cstackCOMMON 00070
?_labs                            cstackCOMMON 00070
_ANSELAbits                       (abs)        0018C
_ANSELBbits                       (abs)        0018D
_APFCONbits                       (abs)        0011D
_LATBbits                         (abs)        0010D
_LATCbits                         (abs)        0010E
_SSPADD                           (abs)        00212
_SSPBUF                           (abs)        00211
_SSPCON1bits                      (abs)        00215
_SSPCON2                          (abs)        00216
_SSPCON2bits                      (abs)        00216
_SSPCON3bits                      (abs)        00217
_SSPSTATbits                      (abs)        00214
_TRISAbits                        (abs)        0008C
_TRISBbits                        (abs)        0008D
_TRISCbits                        (abs)        0008E
__H__absolute__                   __absolute__ 00000
__Habs1                           abs1         00000
__Hbank0                          bank0        00000
__Hbank1                          bank1        00000
__Hbank10                         bank10       00000
__Hbank11                         bank11       00000
__Hbank12                         bank12       00000
__Hbank13                         bank13       00000
__Hbank14                         bank14       00000
__Hbank15                         bank15       00000
__Hbank16                         bank16       00000
__Hbank17                         bank17       00000
__Hbank18                         bank18       00000
__Hbank19                         bank19       00000
__Hbank2                          bank2        00000
__Hbank20                         bank20       00000
__Hbank21                         bank21       00000
__Hbank22                         bank22       00000
__Hbank23                         bank23       00000
__Hbank24                         bank24       00000
__Hbank25                         bank25       00000
__Hbank26                         bank26       00000
__Hbank27                         bank27       00000
__Hbank28                         bank28       00000
__Hbank29                         bank29       00000
__Hbank3                          bank3        00000
__Hbank30                         bank30       00000
__Hbank31                         bank31       00000
__Hbank4                          bank4        00000
__Hbank5                          bank5        00000
__Hbank6                          bank6        00000
__Hbank7                          bank7        00000
__Hbank8                          bank8        00000
__Hbank9                          bank9        00000
__Hbigram                         bigram       00000
__HbssBANK0                       bssBANK0     00000
__Hcinit                          cinit        00800
__Hclrtext                        clrtext      00000
__Hcode                           code         00000
__Hcommon                         common       00000
__Hconfig                         config       08009
__HcstackBANK0                    cstackBANK0  00000
__HcstackCOMMON                   cstackCOMMON 00000
__Heeprom_data                    eeprom_data  00000
__Hend_init                       end_init     00004
__Hfunctab                        functab      00000
__Hheap                           heap         00000
__Hinit                           init         00002
__Hintentry                       intentry     00002
__Hmaintext                       maintext     00000
__Hpowerup                        powerup      00000
__Hram                            ram          00000
__Hreset_vec                      reset_vec    00002
__Hsfr0                           sfr0         00000
__Hsfr1                           sfr1         00000
__Hsfr10                          sfr10        00000
__Hsfr11                          sfr11        00000
__Hsfr12                          sfr12        00000
__Hsfr13                          sfr13        00000
__Hsfr14                          sfr14        00000
__Hsfr15                          sfr15        00000
__Hsfr16                          sfr16        00000
__Hsfr17                          sfr17        00000
__Hsfr18                          sfr18        00000
__Hsfr19                          sfr19        00000
__Hsfr2                           sfr2         00000
__Hsfr20                          sfr20        00000
__Hsfr21                          sfr21        00000
__Hsfr22                          sfr22        00000
__Hsfr23                          sfr23        00000
__Hsfr24                          sfr24        00000
__Hsfr25                          sfr25        00000
__Hsfr26                          sfr26        00000
__Hsfr27                          sfr27        00000
__Hsfr28                          sfr28        00000
__Hsfr29                          sfr29        00000
__Hsfr3                           sfr3         00000
__Hsfr30                          sfr30        00000
__Hsfr31                          sfr31        00000
__Hsfr4                           sfr4         00000
__Hsfr5                           sfr5         00000
__Hsfr6                           sfr6         00000
__Hsfr7                           sfr7         00000
__Hsfr8                           sfr8         00000
__Hsfr9                           sfr9         00000
__Hsivt                           sivt         00002
__Hspace_0                        (abs)        00821
__Hspace_1                        (abs)        0007E
__Hspace_2                        (abs)        00000
__Hspace_3                        (abs)        00000
__Hspace_4                        (abs)        10010
__Hstack                          stack        00000
__Hstrings                        strings      00000
__Hstringtext1                    stringtext1  00000
__Hstringtext10                   stringtext10 00000
__Hstringtext2                    stringtext2  00000
__Hstringtext3                    stringtext3  00000
__Hstringtext4                    stringtext4  00000
__Hstringtext5                    stringtext5  00000
__Hstringtext6                    stringtext6  00000
__Hstringtext7                    stringtext7  00000
__Hstringtext8                    stringtext8  00000
__Hstringtext9                    stringtext9  00000
__Htext                           text         00000
__L__absolute__                   __absolute__ 00000
__Labs1                           abs1         00000
__Lbank0                          bank0        00000
__Lbank1                          bank1        00000
__Lbank10                         bank10       00000
__Lbank11                         bank11       00000
__Lbank12                         bank12       00000
__Lbank13                         bank13       00000
__Lbank14                         bank14       00000
__Lbank15                         bank15       00000
__Lbank16                         bank16       00000
__Lbank17                         bank17       00000
__Lbank18                         bank18       00000
__Lbank19                         bank19       00000
__Lbank2                          bank2        00000
__Lbank20                         bank20       00000
__Lbank21                         bank21       00000
__Lbank22                         bank22       00000
__Lbank23                         bank23       00000
__Lbank24                         bank24       00000
__Lbank25                         bank25       00000
__Lbank26                         bank26       00000
__Lbank27                         bank27       00000
__Lbank28                         bank28       00000
__Lbank29                         bank29       00000
__Lbank3                          bank3        00000
__Lbank30                         bank30       00000
__Lbank31                         bank31       00000
__Lbank4                          bank4        00000
__Lbank5                          bank5        00000
__Lbank6                          bank6        00000
__Lbank7                          bank7        00000
__Lbank8                          bank8        00000
__Lbank9                          bank9        00000
__Lbigram                         bigram       00000
__LbssBANK0                       bssBANK0     00000
__Lcinit                          cinit        007FB
__Lclrtext                        clrtext      00000
__Lcode                           code         00000
__Lcommon                         common       00000
__Lconfig                         config       00000
__LcstackBANK0                    cstackBANK0  00000
__LcstackCOMMON                   cstackCOMMON 00000
__Leeprom_data                    eeprom_data  00000
__Lend_init                       end_init     00002
__Lfunctab                        functab      00000
__Lheap                           heap         00000
__Linit                           init         00002
__Lintentry                       intentry     00002
__Lmaintext                       maintext     00000
__Lpowerup                        powerup      00000
__Lram                            ram          00000
__Lreset_vec                      reset_vec    00000
__Lsfr0                           sfr0         00000
__Lsfr1                           sfr1         00000
__Lsfr10                          sfr10        00000
__Lsfr11                          sfr11        00000
__Lsfr12                          sfr12        00000
__Lsfr13                          sfr13        00000
__Lsfr14                          sfr14        00000
__Lsfr15                          sfr15        00000
__Lsfr16                          sfr16        00000
__Lsfr17                          sfr17        00000
__Lsfr18                          sfr18        00000
__Lsfr19                          sfr19        00000
__Lsfr2                           sfr2         00000
__Lsfr20                          sfr20        00000
__Lsfr21                          sfr21        00000
__Lsfr22                          sfr22        00000
__Lsfr23                          sfr23        00000
__Lsfr24                          sfr24        00000
__Lsfr25                          sfr25        00000
__Lsfr26                          sfr26        00000
__Lsfr27                          sfr27        00000
__Lsfr28                          sfr28        00000
__Lsfr29                          sfr29        00000
__Lsfr3                           sfr3         00000
__Lsfr30                          sfr30        00000
__Lsfr31                          sfr31        00000
__Lsfr4                           sfr4         00000
__Lsfr5                           sfr5         00000
__Lsfr6                           sfr6         00000
__Lsfr7                           sfr7         00000
__Lsfr8                           sfr8         00000
__Lsfr9                           sfr9         00000
__Lsivt                           sivt         00002
__Lspace_0                        (abs)        00000
__Lspace_1                        (abs)        00000
__Lspace_2                        (abs)        00000
__Lspace_3                        (abs)        00000
__Lspace_4                        (abs)        00000
__Lstack                          stack        00000
__Lstrings                        strings      00000
__Lstringtext1                    stringtext1  00000
__Lstringtext10                   stringtext10 00000
__Lstringtext2                    stringtext2  00000
__Lstringtext3                    stringtext3  00000
__Lstringtext4                    stringtext4  00000
__Lstringtext5                    stringtext5  00000
__Lstringtext6                    stringtext6  00000
__Lstringtext7                    stringtext7  00000
__Lstringtext8                    stringtext8  00000
__Lstringtext9                    stringtext9  00000
__Ltext                           text         00000
__S0                              (abs)        00821
__S1                              (abs)        0007E
__S3                              (abs)        00000
___aldiv                          text18       004BA
___aldiv@counter                  cstackBANK0  00020
___aldiv@dividend                 cstackCOMMON 00074
___aldiv@divisor                  cstackCOMMON 00070
___aldiv@quotient                 cstackBANK0  00022
___aldiv@sign                     cstackBANK0  00021
___bmul                           text17       00215
___bmul@multiplicand              cstackCOMMON 00070
___bmul@multiplier                cstackCOMMON 00073
___bmul@product                   cstackCOMMON 00072
___heap_hi                        (abs)        00000
___heap_lo                        (abs)        00000
___int_sp                         stack        00000
___int_stack_hi                   stack        00000
___int_stack_lo                   stack        00000
___latbits                        (abs)        00001
___lldiv                          text30       003DE
___lldiv@counter                  cstackCOMMON 0007D
___lldiv@dividend                 cstackCOMMON 00074
___lldiv@divisor                  cstackCOMMON 00070
___lldiv@quotient                 cstackCOMMON 00079
___sp                             stack        00000
___stack_hi                       stack        00000
___stack_lo                       stack        00000
___stackhi                        (abs)        00000
___stacklo                        (abs)        00000
__end_of___aldiv                  text18       0054A
__end_of___bmul                   text17       0022A
__end_of___lldiv                  text30       00438
__end_of__initialization          cinit        007FD
__end_of_delay_ms                 text26       0030D
__end_of_delay_x1o5us             text29       001DE
__end_of_delay_x24o25us           text27       00255
__end_of_i2c_BusIdle              text9        0018C
__end_of_i2c_Initialize           text28       0038E
__end_of_i2c_MasterByteReadSlave  text3        002C1
__end_of_i2c_MasterRead           text8        00202
__end_of_i2c_MasterRstart         text7        001B8
__end_of_i2c_MasterStart          text6        001C3
__end_of_i2c_MasterStop           text5        001EF
__end_of_i2c_MasterWrite          text4        001CF
__end_of_labs                     text16       0023F
__end_of_lcd_DelayPulse           text24       00184
__end_of_lcd_DelaySetupTime       text25       0017F
__end_of_lcd_EPulse               text23       00197
__end_of_lcd_Goto                 text19       002A3
__end_of_lcd_Initialize           text20       00340
__end_of_lcd_PrintChar            text15       001AD
__end_of_lcd_PrintCmd             text21       001A2
__end_of_lcd_PrintDigitInt32      text12       006BE
__end_of_lcd_PrintString          text14       0026C
__end_of_lcd_WriteData            text22       004BA
__end_of_main                     maintext     002E0
__end_of_memset                   text13       00286
__end_of_programInitialize        text10       003DE
__end_of_programLoop              text1        005E6
__end_of_rtcc_ConvertBcdToDec     text2        00215
__end_of_rtcc_LcdDisplay          text11       007FB
__initialization                  cinit        007FB
__pbssBANK0                       bssBANK0     00067
__pcstackBANK0                    cstackBANK0  00020
__pcstackCOMMON                   cstackCOMMON 00070
__pmaintext                       maintext     002C1
__pstringtext1                    stringtext1  00800
__pstringtext10                   stringtext10 00000
__pstringtext2                    stringtext2  00809
__pstringtext3                    stringtext3  0080C
__pstringtext4                    stringtext4  0080F
__pstringtext5                    stringtext5  00812
__pstringtext6                    stringtext6  00815
__pstringtext7                    stringtext7  00818
__pstringtext8                    stringtext8  0081B
__pstringtext9                    stringtext9  0081E
__ptext1                          text1        0054A
__ptext10                         text10       0038E
__ptext11                         text11       006BE
__ptext12                         text12       005E6
__ptext13                         text13       0026C
__ptext14                         text14       00255
__ptext15                         text15       001A2
__ptext16                         text16       0022A
__ptext17                         text17       00215
__ptext18                         text18       004BA
__ptext19                         text19       00286
__ptext2                          text2        00202
__ptext20                         text20       0030D
__ptext21                         text21       00197
__ptext22                         text22       00438
__ptext23                         text23       0018C
__ptext24                         text24       0017F
__ptext25                         text25       0017A
__ptext26                         text26       002E0
__ptext27                         text27       0023F
__ptext28                         text28       00340
__ptext29                         text29       001CF
__ptext3                          text3        002A3
__ptext30                         text30       003DE
__ptext4                          text4        001C3
__ptext5                          text5        001DE
__ptext6                          text6        001B8
__ptext7                          text7        001AD
__ptext8                          text8        001EF
__ptext9                          text9        00184
_delay_ms                         text26       002E0
_delay_x1o5us                     text29       001CF
_delay_x24o25us                   text27       0023F
_i2c_BusIdle                      text9        00184
_i2c_Initialize                   text28       00340
_i2c_MasterByteReadSlave          text3        002A3
_i2c_MasterRead                   text8        001EF
_i2c_MasterRstart                 text7        001AD
_i2c_MasterStart                  text6        001B8
_i2c_MasterStop                   text5        001DE
_i2c_MasterWrite                  text4        001C3
_labs                             text16       0022A
_lcd_DelayPulse                   text24       0017F
_lcd_DelaySetupTime               text25       0017A
_lcd_EPulse                       text23       0018C
_lcd_Goto                         text19       00286
_lcd_Initialize                   text20       0030D
_lcd_PrintChar                    text15       001A2
_lcd_PrintCmd                     text21       00197
_lcd_PrintDigitInt32              text12       005E6
_lcd_PrintString                  text14       00255
_lcd_WriteData                    text22       00438
_main                             maintext     002C1
_memset                           text13       0026C
_programInitialize                text10       0038E
_programLoop                      text1        0054A
_rtcc_ConvertBcdToDec             text2        00202
_rtcc_LcdDisplay                  text11       006BE
btemp                             (abs)        0007E
delay_ms@delay                    cstackCOMMON 00077
delay_ms@i                        cstackBANK0  00020
delay_x1o5us@delay                cstackCOMMON 00071
delay_x1o5us@i                    cstackCOMMON 00072
delay_x24o25us@delay              cstackCOMMON 00073
delay_x24o25us@i                  cstackCOMMON 00075
end_of_initialization             cinit        007FD
i2c_Initialize@baudrate           cstackBANK0  00024
i2c_Initialize@fosc               cstackBANK0  00020
i2c_MasterByteReadSlave@addrDev   cstackCOMMON 00079
i2c_MasterByteReadSlave@addrReg   cstackCOMMON 00077
i2c_MasterByteReadSlave@data      cstackCOMMON 00078
i2c_MasterRead@ack                cstackCOMMON 00070
i2c_MasterRead@data               cstackCOMMON 00071
i2c_MasterWrite@byte              cstackCOMMON 00070
intlevel0                         functab      00000
intlevel1                         functab      00000
intlevel2                         functab      00000
intlevel3                         functab      00000
intlevel4                         functab      00000
intlevel5                         functab      00000
labs@a                            cstackCOMMON 00070
lcd_Goto@x                        cstackCOMMON 00077
lcd_Goto@y                        cstackCOMMON 00078
lcd_PrintChar@character           cstackCOMMON 00076
lcd_PrintCmd@command              cstackCOMMON 00076
lcd_PrintDigitInt32@enSign        cstackBANK0  0002B
lcd_PrintDigitInt32@enZero        cstackBANK0  0002C
lcd_PrintDigitInt32@i1            cstackBANK0  0004A
lcd_PrintDigitInt32@i2            cstackBANK0  00048
lcd_PrintDigitInt32@noDigit       cstackBANK0  0002A
lcd_PrintDigitInt32@number        cstackBANK0  00026
lcd_PrintDigitInt32@numberChar    cstackBANK0  00038
lcd_PrintDigitInt32@numberRevChar cstackBANK0  0002D
lcd_PrintDigitInt32@tempC         cstackBANK0  00047
lcd_PrintDigitInt32@tempN         cstackBANK0  00043
lcd_PrintDigitInt32@totalDigit    cstackBANK0  00049
lcd_PrintString@string            cstackCOMMON 00077
lcd_WriteData@data                cstackCOMMON 00075
memset@c                          cstackCOMMON 00070
memset@dest                       cstackCOMMON 00076
memset@n                          cstackCOMMON 00072
memset@p                          cstackCOMMON 00075
programLoop@bcdDate               cstackBANK0  0005C
programLoop@bcdHour               cstackBANK0  0005B
programLoop@bcdMinute             cstackBANK0  0005A
programLoop@bcdMonth              cstackBANK0  00065
programLoop@bcdSecond             cstackBANK0  00066
programLoop@bcdSecondPrev         cstackBANK0  00058
programLoop@bcdYear               cstackBANK0  0005D
programLoop@day                   cstackBANK0  00064
programLoop@decCentury            cstackBANK0  00063
programLoop@decDate               cstackBANK0  00060
programLoop@decHour               cstackBANK0  0005F
programLoop@decMinute             cstackBANK0  0005E
programLoop@decMonth              cstackBANK0  00061
programLoop@decSecond             cstackBANK0  00059
programLoop@decYear               cstackBANK0  00062
reset_vec                         reset_vec    00000
rtcc_ConvertBcdToDec@bcd          cstackCOMMON 00076
rtcc_LcdDisplay@century           cstackBANK0  0004D
rtcc_LcdDisplay@date              cstackBANK0  0004B
rtcc_LcdDisplay@day               cstackBANK0  00056
rtcc_LcdDisplay@hour              cstackBANK0  0004F
rtcc_LcdDisplay@minute            cstackBANK0  00050
rtcc_LcdDisplay@month             cstackBANK0  0004C
rtcc_LcdDisplay@second            cstackBANK0  00051
rtcc_LcdDisplay@year              cstackBANK0  0004E
start                             init         00002
start_initialization              cinit        007FB
wtemp0                            (abs)        0007E


MODULE INFORMATION

Module		Function		Class		Link	Load	Size
C:\Program Files\Microchip\xc8\v2.46\pic\sources\c99\common\aldiv.c
		___aldiv       		CODE           	04BA	0000	144

C:\Program Files\Microchip\xc8\v2.46\pic\sources\c99\common\aldiv.c estimated size: 144

C:\Program Files\Microchip\xc8\v2.46\pic\sources\c99\common\Umul8.c
		___bmul        		CODE           	0215	0000	21

C:\Program Files\Microchip\xc8\v2.46\pic\sources\c99\common\Umul8.c estimated size: 21

C:\Program Files\Microchip\xc8\v2.46\pic\sources\c99\common\memset.c
		_memset        		CODE           	026C	0000	26

C:\Program Files\Microchip\xc8\v2.46\pic\sources\c99\common\memset.c estimated size: 26

program.c
		_i2c_MasterStart		CODE           	01B8	0000	11
		_lcd_Goto      		CODE           	0286	0000	29
		_lcd_PrintCmd  		CODE           	0197	0000	11
		_lcd_PrintChar 		CODE           	01A2	0000	11
		_i2c_MasterByteReadSlave		CODE           	02A3	0000	30
		_programLoop   		CODE           	054A	0000	156
		_lcd_WriteData 		CODE           	0438	0000	130
		_delay_x1o5us  		CODE           	01CF	0000	15
		_i2c_BusIdle   		CODE           	0184	0000	8
		_lcd_PrintString		CODE           	0255	0000	23
		_lcd_PrintDigitInt32		CODE           	05E6	0000	216
		_i2c_Initialize		CODE           	0340	0000	78
		_delay_x24o25us		CODE           	023F	0000	22
		_programInitialize		CODE           	038E	0000	80
		_i2c_MasterRstart		CODE           	01AD	0000	11
		_i2c_MasterRead		CODE           	01EF	0000	19
		_i2c_MasterStop		CODE           	01DE	0000	17
		_lcd_EPulse    		CODE           	018C	0000	11
		_lcd_Initialize		CODE           	030D	0000	51
		_rtcc_LcdDisplay		CODE           	06BE	0000	317
		_delay_ms      		CODE           	02E0	0000	45
		_rtcc_ConvertBcdToDec		CODE           	0202	0000	19
		_lcd_DelayPulse		CODE           	017F	0000	5
		_i2c_MasterWrite		CODE           	01C3	0000	12
		_lcd_DelaySetupTime		CODE           	017A	0000	5

program.c estimated size: 1332

shared
		__initialization		CODE           	07FB	0000	2

shared estimated size: 2

C:\Program Files\Microchip\xc8\v2.46\pic\sources\c99\common\__lldiv.c
		___lldiv       		CODE           	03DE	0000	90

C:\Program Files\Microchip\xc8\v2.46\pic\sources\c99\common\__lldiv.c estimated size: 90

C:\Program Files\Microchip\xc8\v2.46\pic\sources\c99\common\labs.c
		_labs          		CODE           	022A	0000	21

C:\Program Files\Microchip\xc8\v2.46\pic\sources\c99\common\labs.c estimated size: 21

main.c
		_main          		CODE           	02C1	0000	31

main.c estimated size: 31

